
> ranktsy@0.1.0 dev
> next dev -p 3001

▲ Next.js 16.2.6 (Turbopack)
- Local:         http://localhost:3001
- Network:       http://192.168.100.6:3001
- Environments: .env.local
✓ Ready in 2.7s
⚠ The "middleware" file convention is deprecated. Please use "proxy" instead. Learn more: https://nextjs.org/docs/messages/middleware-to-proxy

○ Compiling / ...
 GET / 200 in 8.5s (next.js: 7.5s, application-code: 944ms)
○ Compiling /api/auth/me ...
 GET /api/auth/me 401 in 4.1s (next.js: 4.1s, application-code: 63ms)
 GET /api/trends?q=silver%20necklace 200 in 294ms (next.js: 36ms, application-code: 258ms)
 GET /api/keywords?q=silver%20necklace 200 in 297ms (next.js: 20ms, application-code: 277ms)
 GET / 200 in 289ms (next.js: 18ms, application-code: 271ms)
 GET /api/auth/me 401 in 29ms (next.js: 8ms, application-code: 21ms)
 GET /api/keywords?q=silver%20necklace 200 in 61ms (next.js: 24ms, application-code: 38ms)
 GET /api/keywords?q=silver%20necklace 200 in 1246ms (next.js: 21ms, application-code: 1225ms)
 GET /api/trends?q=silver%20necklace 200 in 3.8s (next.js: 53ms, application-code: 3.8s)
 GET /dashboard 200 in 2.8s (next.js: 2.1s, proxy.ts: 399ms, application-code: 299ms)
 GET /api/auth/me 200 in 35ms (next.js: 8ms, application-code: 28ms)
 GET /api/etsy/trend-buzz?q= 200 in 5.9s (next.js: 466ms, application-code: 5.4s)
 GET / 200 in 330ms (next.js: 33ms, application-code: 297ms)
 GET /api/keywords?q=silver%20necklace 200 in 74ms (next.js: 10ms, application-code: 65ms)
 GET /api/trends?q=silver%20necklace 200 in 74ms (next.js: 29ms, application-code: 45ms)
 GET /api/trends?q=silver%20necklace 200 in 33ms (next.js: 21ms, application-code: 12ms)
 GET /api/auth/me 200 in 654ms (next.js: 10ms, application-code: 643ms)
 GET /api/keywords?q=silver%20necklace 200 in 799ms (next.js: 9ms, application-code: 790ms)
 GET /dashboard 200 in 139ms (next.js: 22ms, proxy.ts: 42ms, application-code: 76ms)
 GET /api/etsy/trend-buzz?q= 200 in 74ms (next.js: 9ms, application-code: 64ms)
 GET /api/etsy/trend-buzz?q= 200 in 2.7s (next.js: 11ms, application-code: 2.6s)
✓ Compiled in 96ms
✓ Compiled in 72ms
✓ Compiled in 59ms
 GET / 200 in 442ms (next.js: 131ms, application-code: 311ms)
 GET /api/auth/me 401 in 84ms (next.js: 73ms, application-code: 10ms)
 GET /api/keywords?q=silver%20necklace 200 in 100ms (next.js: 69ms, application-code: 31ms)
 GET /api/trends?q=silver%20necklace 200 in 82ms (next.js: 67ms, application-code: 15ms)
 GET /api/keywords?q=silver%20necklace 200 in 314ms (next.js: 3ms, application-code: 311ms)
 GET / 200 in 85ms (next.js: 7ms, application-code: 79ms)
 GET /api/auth/me 401 in 18ms (next.js: 4ms, application-code: 14ms)
 GET /api/keywords?q=silver%20necklace 200 in 22ms (next.js: 5ms, application-code: 17ms)
 GET /api/keywords?q=silver%20necklace 200 in 12ms (next.js: 4ms, application-code: 9ms)
 GET /api/trends?q=silver%20necklace 200 in 22ms (next.js: 15ms, application-code: 7ms)
 GET /login?redirect=%2Fdashboard 200 in 646ms (next.js: 515ms, proxy.ts: 4ms, application-code: 128ms)
 GET /dashboard 200 in 304ms (next.js: 120ms, proxy.ts: 9ms, application-code: 175ms)
 GET /api/auth/me 200 in 30ms (next.js: 4ms, application-code: 25ms)
 GET /api/etsy/trend-buzz?q= 200 in 77ms (next.js: 64ms, application-code: 13ms)
 GET /api/etsy/trend-buzz?q= 200 in 2.6s (next.js: 3ms, application-code: 2.6s)
 GET / 200 in 99ms (next.js: 8ms, application-code: 90ms)
 GET /api/auth/me 200 in 98ms (next.js: 4ms, application-code: 94ms)
 GET /api/trends?q=silver%20necklace 200 in 33ms (next.js: 25ms, application-code: 8ms)
 GET /api/keywords?q=silver%20necklace 200 in 34ms (next.js: 7ms, application-code: 27ms)
 GET /api/keywords?q=silver%20necklace 200 in 14ms (next.js: 4ms, application-code: 9ms)
 GET /api/trends?q=silver%20necklace 200 in 22ms (next.js: 15ms, application-code: 7ms)
 GET /dashboard 200 in 36ms (next.js: 7ms, proxy.ts: 4ms, application-code: 25ms)
 GET /api/etsy/trend-buzz?q= 200 in 11ms (next.js: 4ms, application-code: 7ms)
 GET /api/etsy/insights 200 in 426ms (next.js: 146ms, application-code: 279ms)
 GET /api/etsy/taxonomy 200 in 303ms (next.js: 200ms, application-code: 102ms)
 GET /api/etsy/hot-products?q=sticker&sort=hot 200 in 1479ms (next.js: 154ms, application-code: 1324ms)
 GET /api/keywords/near-matches?q=silver%20necklace 200 in 2.5s (next.js: 114ms, application-code: 2.4s)
 GET / 200 in 37ms (next.js: 6ms, application-code: 32ms)
 GET /api/keywords/related?q=silver%20necklace 200 in 2.8s (next.js: 179ms, application-code: 2.6s)
[browser] Detected `scroll-behavior: smooth` on the `<html>` element. To disable smooth scrolling during route transitions, add `data-scroll-behavior="smooth"` to your <html> element. Learn more: https://nextjs.org/docs/messages/missing-data-scroll-behavior (file://D:/LET RANK/Ranktsy/.next/dev/static/chunks/node_modules_next_dist_115brz8._.js:2477:13)
✓ Compiled in 201ms
 GET /dashboard 200 in 645ms (next.js: 8ms, proxy.ts: 10ms, application-code: 627ms)
 GET /dashboard 200 in 334ms (next.js: 92ms, proxy.ts: 53ms, application-code: 189ms)
 GET /dashboard 200 in 171ms (next.js: 14ms, proxy.ts: 8ms, application-code: 149ms)
 GET /dashboard 200 in 141ms (next.js: 7ms, proxy.ts: 27ms, application-code: 107ms)
 GET /dashboard 200 in 119ms (next.js: 8ms, proxy.ts: 6ms, application-code: 105ms)
 GET /dashboard 200 in 119ms (next.js: 9ms, proxy.ts: 6ms, application-code: 103ms)
 GET /dashboard 200 in 117ms (next.js: 7ms, proxy.ts: 6ms, application-code: 104ms)
 GET /dashboard 200 in 84ms (next.js: 8ms, proxy.ts: 6ms, application-code: 70ms)
 GET /dashboard 200 in 48ms (next.js: 7ms, proxy.ts: 6ms, application-code: 35ms)
✓ Compiled in 40ms
 GET / 200 in 361ms (next.js: 188ms, application-code: 173ms)
 GET / 200 in 87ms (next.js: 10ms, application-code: 77ms)
 GET / 200 in 66ms (next.js: 5ms, application-code: 61ms)
 GET /dashboard 200 in 31ms (next.js: 6ms, proxy.ts: 3ms, application-code: 22ms)
 GET /api/etsy/trend-buzz?q= 200 in 127ms (next.js: 102ms, application-code: 25ms)
 GET /api/auth/me 200 in 132ms (next.js: 66ms, application-code: 67ms)
 GET /api/etsy/trend-buzz?q= 200 in 2.5s (next.js: 4ms, application-code: 2.5s)
 GET / 200 in 25ms (next.js: 5ms, application-code: 20ms)
[browser] Detected `scroll-behavior: smooth` on the `<html>` element. To disable smooth scrolling during route transitions, add `data-scroll-behavior="smooth"` to your <html> element. Learn more: https://nextjs.org/docs/messages/missing-data-scroll-behavior (file://D:/LET RANK/Ranktsy/.next/dev/static/chunks/node_modules_next_dist_115brz8._.js:2477:13)
✓ Compiled in 44ms
 GET / 200 in 257ms (next.js: 120ms, application-code: 137ms)
 GET / 200 in 259ms (next.js: 165ms, application-code: 94ms)
 GET /dashboard 200 in 308ms (next.js: 215ms, proxy.ts: 32ms, application-code: 60ms)
✓ Compiled in 60ms
 GET / 200 in 289ms (next.js: 150ms, application-code: 139ms)
 GET / 200 in 287ms (next.js: 196ms, application-code: 91ms)
 GET /dashboard 200 in 324ms (next.js: 248ms, proxy.ts: 35ms, application-code: 42ms)
✓ Compiled in 35ms
 GET / 200 in 265ms (next.js: 101ms, application-code: 164ms)
 GET / 200 in 267ms (next.js: 143ms, application-code: 124ms)
 GET /dashboard 200 in 302ms (next.js: 201ms, proxy.ts: 32ms, application-code: 69ms)
✓ Compiled in 45ms
 GET / 200 in 277ms (next.js: 118ms, application-code: 159ms)
 GET / 200 in 279ms (next.js: 164ms, application-code: 115ms)
 GET /dashboard 200 in 312ms (next.js: 218ms, proxy.ts: 28ms, application-code: 66ms)
✓ Compiled in 45ms
 GET / 200 in 304ms (next.js: 160ms, application-code: 144ms)
 GET / 200 in 93ms (next.js: 8ms, application-code: 85ms)
 GET /dashboard 200 in 306ms (next.js: 56ms, proxy.ts: 211ms, application-code: 39ms)
✓ Compiled in 30ms
 GET / 200 in 243ms (next.js: 168ms, application-code: 75ms)
 GET / 200 in 245ms (next.js: 128ms, application-code: 117ms)
 GET /dashboard 200 in 278ms (next.js: 220ms, proxy.ts: 25ms, application-code: 32ms)
✓ Compiled in 50ms
 GET /api/auth/me 200 in 85ms (next.js: 69ms, application-code: 16ms)
✓ Compiled in 41ms
 GET / 200 in 167ms (next.js: 6ms, application-code: 161ms)
 GET /dashboard 200 in 98ms (next.js: 9ms, proxy.ts: 5ms, application-code: 84ms)
 GET /api/auth/me 200 in 15ms (next.js: 5ms, application-code: 11ms)
 GET /api/etsy/trend-buzz?q= 200 in 50ms (next.js: 34ms, application-code: 16ms)
 GET /api/etsy/trend-buzz?q= 200 in 5.4s (next.js: 4ms, application-code: 5.4s)
 GET / 200 in 68ms (next.js: 5ms, application-code: 63ms)
[browser] ReferenceError: plans is not defined
    at Band (file://D:/LET RANK/Ranktsy/.next/dev/static/chunks/src_components_landing_NewLanding_tsx_01br~eo._.js?id=%255Bproject%255D%252Fsrc%252Fcomponents%252Flanding%252FNewLanding.tsx+%255Bapp-client%255D+%2528ecmascript%2529:2223:39)
    at Object.react_stack_bottom_frame (file://D:/LET RANK/Ranktsy/.next/dev/static/chunks/node_modules_next_dist_compiled_react-dom_058-ah~._.js:15037:24)
    at renderWithHooks (file://D:/LET RANK/Ranktsy/.next/dev/static/chunks/node_modules_next_dist_compiled_react-dom_058-ah~._.js:4620:24)
    at updateFunctionComponent (file://D:/LET RANK/Ranktsy/.next/dev/static/chunks/node_modules_next_dist_compiled_react-dom_058-ah~._.js:6081:21)
    at beginWork (file://D:/LET RANK/Ranktsy/.next/dev/static/chunks/node_modules_next_dist_compiled_react-dom_058-ah~._.js:6691:24)
    at runWithFiberInDEV (file://D:/LET RANK/Ranktsy/.next/dev/static/chunks/node_modules_next_dist_compiled_react-dom_058-ah~._.js:965:74)
    at performUnitOfWork (file://D:/LET RANK/Ranktsy/.next/dev/static/chunks/node_modules_next_dist_compiled_react-dom_058-ah~._.js:9555:97)
    at workLoopSync (file://D:/LET RANK/Ranktsy/.next/dev/static/chunks/node_modules_next_dist_compiled_react-dom_058-ah~._.js:9449:40)
    at renderRootSync (file://D:/LET RANK/Ranktsy/.next/dev/static/chunks/node_modules_next_dist_compiled_react-dom_058-ah~._.js:9433:13)
    at performWorkOnRoot (file://D:/LET RANK/Ranktsy/.next/dev/static/chunks/node_modules_next_dist_compiled_react-dom_058-ah~._.js:9061:186)
    at performSyncWorkOnRoot (file://D:/LET RANK/Ranktsy/.next/dev/static/chunks/node_modules_next_dist_compiled_react-dom_058-ah~._.js:10263:9)
    at flushSyncWorkAcrossRoots_impl (file://D:/LET RANK/Ranktsy/.next/dev/static/chunks/node_modules_next_dist_compiled_react-dom_058-ah~._.js:10179:316)
    at processRootScheduleInMicrotask (file://D:/LET RANK/Ranktsy/.next/dev/static/chunks/node_modules_next_dist_compiled_react-dom_058-ah~._.js:10200:106)
    at <unknown> (file://D:/LET RANK/Ranktsy/.next/dev/static/chunks/node_modules_next_dist_compiled_react-dom_058-ah~._.js:10274:158)
    at ErrorBoundaryHandler.render (file://D:/LET RANK/Ranktsy/.next/dev/static/chunks/node_modules_next_dist_client_0fhqo1d._.js:1556:55)
    at ErrorBoundary (file://D:/LET RANK/Ranktsy/.next/dev/static/chunks/node_modules_next_dist_client_0fhqo1d._.js:1574:50)
    at OuterLayoutRouter (file://D:/LET RANK/Ranktsy/.next/dev/static/chunks/node_modules_121bbw6._.js:7613:51) (file://D:/LET RANK/Ranktsy/.next/dev/static/chunks/src_0mphpwj._.js:206:21)
[browser] ReferenceError: plans is not defined
    at Band (file://D:/LET RANK/Ranktsy/.next/dev/static/chunks/src_components_landing_NewLanding_tsx_01br~eo._.js?id=%255Bproject%255D%252Fsrc%252Fcomponents%252Flanding%252FNewLanding.tsx+%255Bapp-client%255D+%2528ecmascript%2529:2223:39)
    at Object.react_stack_bottom_frame (file://D:/LET RANK/Ranktsy/.next/dev/static/chunks/node_modules_next_dist_compiled_react-dom_058-ah~._.js:15037:24)
    at renderWithHooks (file://D:/LET RANK/Ranktsy/.next/dev/static/chunks/node_modules_next_dist_compiled_react-dom_058-ah~._.js:4620:24)
    at updateFunctionComponent (file://D:/LET RANK/Ranktsy/.next/dev/static/chunks/node_modules_next_dist_compiled_react-dom_058-ah~._.js:6081:21)
    at beginWork (file://D:/LET RANK/Ranktsy/.next/dev/static/chunks/node_modules_next_dist_compiled_react-dom_058-ah~._.js:6691:24)
    at runWithFiberInDEV (file://D:/LET RANK/Ranktsy/.next/dev/static/chunks/node_modules_next_dist_compiled_react-dom_058-ah~._.js:965:74)
    at performUnitOfWork (file://D:/LET RANK/Ranktsy/.next/dev/static/chunks/node_modules_next_dist_compiled_react-dom_058-ah~._.js:9555:97)
    at workLoopSync (file://D:/LET RANK/Ranktsy/.next/dev/static/chunks/node_modules_next_dist_compiled_react-dom_058-ah~._.js:9449:40)
    at renderRootSync (file://D:/LET RANK/Ranktsy/.next/dev/static/chunks/node_modules_next_dist_compiled_react-dom_058-ah~._.js:9433:13)
    at performWorkOnRoot (file://D:/LET RANK/Ranktsy/.next/dev/static/chunks/node_modules_next_dist_compiled_react-dom_058-ah~._.js:9061:186)
    at performSyncWorkOnRoot (file://D:/LET RANK/Ranktsy/.next/dev/static/chunks/node_modules_next_dist_compiled_react-dom_058-ah~._.js:10263:9)
    at flushSyncWorkAcrossRoots_impl (file://D:/LET RANK/Ranktsy/.next/dev/static/chunks/node_modules_next_dist_compiled_react-dom_058-ah~._.js:10179:316)
    at processRootScheduleInMicrotask (file://D:/LET RANK/Ranktsy/.next/dev/static/chunks/node_modules_next_dist_compiled_react-dom_058-ah~._.js:10200:106)
    at <unknown> (file://D:/LET RANK/Ranktsy/.next/dev/static/chunks/node_modules_next_dist_compiled_react-dom_058-ah~._.js:10274:158)
    at ErrorBoundaryHandler.render (file://D:/LET RANK/Ranktsy/.next/dev/static/chunks/node_modules_next_dist_client_0fhqo1d._.js:1556:55)
    at ErrorBoundary (file://D:/LET RANK/Ranktsy/.next/dev/static/chunks/node_modules_next_dist_client_0fhqo1d._.js:1574:50)
    at OuterLayoutRouter (file://D:/LET RANK/Ranktsy/.next/dev/static/chunks/node_modules_121bbw6._.js:7613:51) (file://D:/LET RANK/Ranktsy/.next/dev/static/chunks/src_0mphpwj._.js:206:21)
 GET / 200 in 72ms (next.js: 6ms, application-code: 66ms)
 GET /dashboard 200 in 35ms (next.js: 9ms, proxy.ts: 3ms, application-code: 23ms)
 GET /api/etsy/trend-buzz?q= 200 in 24ms (next.js: 18ms, application-code: 6ms)
 GET /api/etsy/trend-buzz?q= 200 in 10ms (next.js: 4ms, application-code: 6ms)
 GET /api/auth/me 200 in 109ms (next.js: 6ms, application-code: 103ms)
 GET /api/etsy/insights 200 in 115ms (next.js: 36ms, application-code: 79ms)
 GET /api/etsy/hot-products?q=sticker&sort=hot 200 in 459ms (next.js: 6ms, application-code: 453ms)
 GET / 200 in 26ms (next.js: 5ms, application-code: 21ms)
[browser] Detected `scroll-behavior: smooth` on the `<html>` element. To disable smooth scrolling during route transitions, add `data-scroll-behavior="smooth"` to your <html> element. Learn more: https://nextjs.org/docs/messages/missing-data-scroll-behavior (file://D:/LET RANK/Ranktsy/.next/dev/static/chunks/node_modules_next_dist_115brz8._.js:2477:13)
 GET /api/etsy/taxonomy 200 in 4.4s (next.js: 35ms, application-code: 4.3s)
  Reload env: .env.local
 GET /login?redirect=%2Fdashboard 200 in 922ms (next.js: 144ms, proxy.ts: 5ms, application-code: 772ms)
 GET /login?redirect=%2Fdashboard 200 in 486ms (next.js: 91ms, proxy.ts: 18ms, application-code: 377ms)
 GET /login?redirect=%2Fdashboard 200 in 253ms (next.js: 94ms, proxy.ts: 24ms, application-code: 135ms)
 GET /login?redirect=%2Fdashboard 200 in 249ms (next.js: 9ms, proxy.ts: 4ms, application-code: 236ms)
 GET /login?redirect=%2Fdashboard 200 in 210ms (next.js: 8ms, proxy.ts: 3ms, application-code: 198ms)
 GET /login?redirect=%2Fdashboard 200 in 173ms (next.js: 11ms, proxy.ts: 3ms, application-code: 158ms)
  Reload env: .env.local
 GET /login?redirect=%2Fdashboard 200 in 622ms (next.js: 79ms, proxy.ts: 20ms, application-code: 523ms)
 GET /login?redirect=%2Fdashboard 200 in 350ms (next.js: 222ms, proxy.ts: 24ms, application-code: 104ms)
 GET /login?redirect=%2Fdashboard 200 in 56ms (next.js: 10ms, proxy.ts: 16ms, application-code: 30ms)
 GET /login?redirect=%2Fdashboard 200 in 155ms (next.js: 86ms, proxy.ts: 18ms, application-code: 51ms)
 GET /login?redirect=%2Fdashboard 200 in 834ms (next.js: 194ms, proxy.ts: 15ms, application-code: 625ms)
 GET /login?redirect=%2Fdashboard 200 in 583ms (next.js: 79ms, proxy.ts: 123ms, application-code: 381ms)
 GET /login?redirect=%2Fdashboard 200 in 332ms (next.js: 96ms, proxy.ts: 132ms, application-code: 103ms)
 GET /login?redirect=%2Fdashboard 200 in 52ms (next.js: 10ms, proxy.ts: 5ms, application-code: 36ms)
 GET / 200 in 173ms (next.js: 29ms, application-code: 144ms)
 GET /login?redirect=%2Fdashboard 200 in 155ms (next.js: 18ms, proxy.ts: 13ms, application-code: 124ms)
✓ Compiled in 1359ms
 GET /login?redirect=%2Fdashboard 200 in 531ms (next.js: 171ms, proxy.ts: 92ms, application-code: 268ms)
 GET /login?redirect=%2Fdashboard 200 in 309ms (next.js: 11ms, proxy.ts: 5ms, application-code: 293ms)
 GET /login?redirect=%2Fdashboard 200 in 305ms (next.js: 13ms, proxy.ts: 7ms, application-code: 285ms)
 GET /login?redirect=%2Fdashboard 200 in 279ms (next.js: 16ms, proxy.ts: 8ms, application-code: 256ms)
 GET /login?redirect=%2Fdashboard 200 in 149ms (next.js: 12ms, proxy.ts: 7ms, application-code: 129ms)
 GET /login?redirect=%2Fdashboard 200 in 79ms (next.js: 13ms, proxy.ts: 5ms, application-code: 61ms)
 GET / 200 in 777ms (next.js: 238ms, application-code: 539ms)
 GET /api/auth/me 401 in 159ms (next.js: 132ms, application-code: 26ms)
 GET /api/keywords?q=silver%20necklace 200 in 120ms (next.js: 80ms, application-code: 40ms)
 GET /api/trends?q=silver%20necklace 200 in 5.3s (next.js: 79ms, application-code: 5.2s)
(node:3300) [MONGOOSE] Warning: mongoose: the `new` option for `findOneAndUpdate()` and `findOneAndReplace()` is deprecated. Use `returnDocument: 'after'` instead.
(Use `node --trace-warnings ...` to show where the warning was created)
 GET /api/keywords?q=silver%20necklace 200 in 5.7s (next.js: 6ms, application-code: 5.7s)
(node:3300) [MONGOOSE] Warning: mongoose: the `new` option for `findOneAndUpdate()` and `findOneAndReplace()` is deprecated. Use `returnDocument: 'after'` instead.
 GET / 200 in 146ms (next.js: 9ms, application-code: 137ms)
 GET /api/auth/me 401 in 32ms (next.js: 7ms, application-code: 25ms)
 GET /api/keywords?q=silver%20necklace 200 in 27ms (next.js: 8ms, application-code: 19ms)
 GET /api/keywords?q=silver%20necklace 200 in 18ms (next.js: 5ms, application-code: 13ms)
 GET /api/trends?q=silver%20necklace 200 in 35ms (next.js: 25ms, application-code: 11ms)
 GET / 200 in 262ms (next.js: 21ms, application-code: 241ms)
 GET /api/auth/me 200 in 254ms (next.js: 14ms, application-code: 240ms)
 GET /api/keywords?q=silver%20necklace 200 in 221ms (next.js: 183ms, application-code: 38ms)
 GET /api/trends?q=silver%20necklace 200 in 227ms (next.js: 208ms, application-code: 18ms)
 GET /logo.png 404 in 1750ms (next.js: 1612ms, application-code: 138ms)
 GET / 200 in 171ms (next.js: 19ms, application-code: 153ms)
 GET /api/auth/me 200 in 145ms (next.js: 7ms, application-code: 138ms)
 GET /api/keywords?q=silver%20necklace 200 in 28ms (next.js: 7ms, application-code: 21ms)
 GET /api/keywords?q=silver%20necklace 200 in 24ms (next.js: 7ms, application-code: 17ms)
 GET /api/trends?q=silver%20necklace 200 in 43ms (next.js: 30ms, application-code: 13ms)
 GET / 200 in 320ms (next.js: 76ms, application-code: 244ms)
 GET /api/auth/me 401 in 35ms (next.js: 9ms, application-code: 26ms)
 GET /api/keywords?q=silver%20necklace 200 in 34ms (next.js: 10ms, application-code: 24ms)
 GET /api/trends?q=silver%20necklace 200 in 61ms (next.js: 43ms, application-code: 19ms)
 GET / 200 in 220ms (next.js: 16ms, application-code: 205ms)
 GET /api/auth/me 401 in 24ms (next.js: 6ms, application-code: 18ms)
 GET /api/keywords?q=silver%20necklace 200 in 32ms (next.js: 11ms, application-code: 21ms)
 GET /api/keywords?q=silver%20necklace 200 in 28ms (next.js: 9ms, application-code: 19ms)
 GET /api/trends?q=silver%20necklace 200 in 45ms (next.js: 32ms, application-code: 13ms)
 GET / 200 in 228ms (next.js: 15ms, application-code: 213ms)
 GET /logo.png 404 in 365ms (next.js: 36ms, application-code: 329ms)
[browser] A tree hydrated but some attributes of the server rendered HTML didn't match the client properties. This won't be patched up. This can happen if a SSR-ed Client Component used:

- A server/client branch `if (typeof window !== 'undefined')`.
- Variable input such as `Date.now()` or `Math.random()` which changes each time it's called.
- Date formatting in a user's locale which doesn't match the server.
- External changing data without sending a snapshot of it along with the HTML.
- Invalid HTML tag nesting.

It can also happen if the client has a browser extension installed which messes with the HTML before React loaded.

https://react.dev/link/hydration-mismatch

  ...
    <HotReload globalError={[...]} webSocket={WebSocket} staticIndicatorState={{pathname:null, ...}}>
      <AppDevOverlayErrorBoundary globalError={[...]}>
        <ReplaySsrOnlyErrors>
        <DevRootHTTPAccessFallbackBoundary>
          <HTTPAccessFallbackBoundary notFound={<NotAllowedRootHTTPFallbackError>}>
            <HTTPAccessFallbackErrorBoundary pathname="/" notFound={<NotAllowedRootHTTPFallbackError>} ...>
              <RedirectBoundary>
                <RedirectErrorBoundary router={{...}}>
                  <Head>
                  <__next_root_layout_boundary__>
                    <SegmentViewNode type="layout" pagePath="layout.tsx">
                      <SegmentTrieNode>
                      <link>
                      <script>
                      <script>
                      <script>
                      <script>
                      <RootLayout>
                        <html lang="en" suppressHydrationWarning={true}>
                          <body
-                           data-new-gr-c-s-check-loaded="14.1314.0"
-                           data-gr-ext-installed=""
                          >
                  ...
 
    at <unknown> (file://D:/LET RANK/Ranktsy/.next/dev/static/chunks/node_modules_next_dist_compiled_react-dom_058-ah~._.js:3439:25)
    at runWithFiberInDEV (file://D:/LET RANK/Ranktsy/.next/dev/static/chunks/node_modules_next_dist_compiled_react-dom_058-ah~._.js:965:74)
    at emitPendingHydrationWarnings (file://D:/LET RANK/Ranktsy/.next/dev/static/chunks/node_modules_next_dist_compiled_react-dom_058-ah~._.js:3438:13)
    at completeWork (file://D:/LET RANK/Ranktsy/.next/dev/static/chunks/node_modules_next_dist_compiled_react-dom_058-ah~._.js:6885:102)
    at runWithFiberInDEV (file://D:/LET RANK/Ranktsy/.next/dev/static/chunks/node_modules_next_dist_compiled_react-dom_058-ah~._.js:965:131)
    at completeUnitOfWork (file://D:/LET RANK/Ranktsy/.next/dev/static/chunks/node_modules_next_dist_compiled_react-dom_058-ah~._.js:9622:23)
    at performUnitOfWork (file://D:/LET RANK/Ranktsy/.next/dev/static/chunks/node_modules_next_dist_compiled_react-dom_058-ah~._.js:9557:28)
    at workLoopConcurrentByScheduler (file://D:/LET RANK/Ranktsy/.next/dev/static/chunks/node_modules_next_dist_compiled_react-dom_058-ah~._.js:9551:58)
    at renderRootConcurrent (file://D:/LET RANK/Ranktsy/.next/dev/static/chunks/node_modules_next_dist_compiled_react-dom_058-ah~._.js:9534:71)
    at performWorkOnRoot (file://D:/LET RANK/Ranktsy/.next/dev/static/chunks/node_modules_next_dist_compiled_react-dom_058-ah~._.js:9061:150)
    at performWorkOnRootViaSchedulerTask (file://D:/LET RANK/Ranktsy/.next/dev/static/chunks/node_modules_next_dist_compiled_react-dom_058-ah~._.js:10255:9)
    at MessagePort.performWorkUntilDeadline (file://D:/LET RANK/Ranktsy/.next/dev/static/chunks/node_modules_next_dist_compiled_0rpq4pf._.js:2647:64) (file://D:/LET RANK/Ranktsy/.next/dev/static/chunks/node_modules_next_dist_compiled_react-dom_058-ah~._.js:3439:25)
 GET /api/auth/me 200 in 215ms (next.js: 85ms, application-code: 130ms)
 GET /api/trends?q=silver%20necklace 200 in 65ms (next.js: 39ms, application-code: 26ms)
 GET /api/keywords?q=silver%20necklace 200 in 81ms (next.js: 9ms, application-code: 72ms)
 GET /api/keywords?q=silver%20necklace 200 in 37ms (next.js: 9ms, application-code: 28ms)
 GET /api/trends?q=silver%20necklace 200 in 67ms (next.js: 45ms, application-code: 21ms)
 GET /dashboard 200 in 138ms (next.js: 49ms, proxy.ts: 9ms, application-code: 80ms)
 GET /api/etsy/trend-buzz?q= 200 in 1089ms (next.js: 6ms, application-code: 1083ms)
✓ Compiled in 206ms
 GET / 200 in 339ms (next.js: 133ms, application-code: 206ms)
 GET / 200 in 62ms (next.js: 5ms, application-code: 57ms)
 GET / 200 in 95ms (next.js: 11ms, application-code: 84ms)
 GET /logo.png 404 in 94ms (next.js: 40ms, application-code: 53ms)
[browser] A tree hydrated but some attributes of the server rendered HTML didn't match the client properties. This won't be patched up. This can happen if a SSR-ed Client Component used:

- A server/client branch `if (typeof window !== 'undefined')`.
- Variable input such as `Date.now()` or `Math.random()` which changes each time it's called.
- Date formatting in a user's locale which doesn't match the server.
- External changing data without sending a snapshot of it along with the HTML.
- Invalid HTML tag nesting.

It can also happen if the client has a browser extension installed which messes with the HTML before React loaded.

https://react.dev/link/hydration-mismatch

  ...
    <HotReload globalError={[...]} webSocket={WebSocket} staticIndicatorState={{pathname:null, ...}}>
      <AppDevOverlayErrorBoundary globalError={[...]}>
        <ReplaySsrOnlyErrors>
        <DevRootHTTPAccessFallbackBoundary>
          <HTTPAccessFallbackBoundary notFound={<NotAllowedRootHTTPFallbackError>}>
            <HTTPAccessFallbackErrorBoundary pathname="/" notFound={<NotAllowedRootHTTPFallbackError>} ...>
              <RedirectBoundary>
                <RedirectErrorBoundary router={{...}}>
                  <Head>
                  <__next_root_layout_boundary__>
                    <SegmentViewNode type="layout" pagePath="layout.tsx">
                      <SegmentTrieNode>
                      <link>
                      <script>
                      <script>
                      <script>
                      <script>
                      <RootLayout>
                        <html lang="en" suppressHydrationWarning={true}>
                          <body
-                           data-new-gr-c-s-check-loaded="14.1314.0"
-                           data-gr-ext-installed=""
-                           cz-shortcut-listen="true"
                          >
                  ...
 
    at <unknown> (file://D:/LET RANK/Ranktsy/.next/dev/static/chunks/node_modules_next_dist_compiled_react-dom_058-ah~._.js:3439:25)
    at runWithFiberInDEV (file://D:/LET RANK/Ranktsy/.next/dev/static/chunks/node_modules_next_dist_compiled_react-dom_058-ah~._.js:965:74)
    at emitPendingHydrationWarnings (file://D:/LET RANK/Ranktsy/.next/dev/static/chunks/node_modules_next_dist_compiled_react-dom_058-ah~._.js:3438:13)
    at completeWork (file://D:/LET RANK/Ranktsy/.next/dev/static/chunks/node_modules_next_dist_compiled_react-dom_058-ah~._.js:6885:102)
    at runWithFiberInDEV (file://D:/LET RANK/Ranktsy/.next/dev/static/chunks/node_modules_next_dist_compiled_react-dom_058-ah~._.js:965:131)
    at completeUnitOfWork (file://D:/LET RANK/Ranktsy/.next/dev/static/chunks/node_modules_next_dist_compiled_react-dom_058-ah~._.js:9622:23)
    at performUnitOfWork (file://D:/LET RANK/Ranktsy/.next/dev/static/chunks/node_modules_next_dist_compiled_react-dom_058-ah~._.js:9557:28)
    at workLoopConcurrentByScheduler (file://D:/LET RANK/Ranktsy/.next/dev/static/chunks/node_modules_next_dist_compiled_react-dom_058-ah~._.js:9551:58)
    at renderRootConcurrent (file://D:/LET RANK/Ranktsy/.next/dev/static/chunks/node_modules_next_dist_compiled_react-dom_058-ah~._.js:9534:71)
    at performWorkOnRoot (file://D:/LET RANK/Ranktsy/.next/dev/static/chunks/node_modules_next_dist_compiled_react-dom_058-ah~._.js:9061:150)
    at performWorkOnRootViaSchedulerTask (file://D:/LET RANK/Ranktsy/.next/dev/static/chunks/node_modules_next_dist_compiled_react-dom_058-ah~._.js:10255:9)
    at MessagePort.performWorkUntilDeadline (file://D:/LET RANK/Ranktsy/.next/dev/static/chunks/node_modules_next_dist_compiled_0rpq4pf._.js:2647:64) (file://D:/LET RANK/Ranktsy/.next/dev/static/chunks/node_modules_next_dist_compiled_react-dom_058-ah~._.js:3439:25)
 GET /dashboard 200 in 44ms (next.js: 18ms, proxy.ts: 3ms, application-code: 22ms)
 GET /api/etsy/trend-buzz?q= 200 in 403ms (next.js: 5ms, application-code: 398ms)
 GET /api/auth/me 200 in 623ms (next.js: 72ms, application-code: 550ms)
 GET / 200 in 25ms (next.js: 6ms, application-code: 19ms)
[browser] Detected `scroll-behavior: smooth` on the `<html>` element. To disable smooth scrolling during route transitions, add `data-scroll-behavior="smooth"` to your <html> element. Learn more: https://nextjs.org/docs/messages/missing-data-scroll-behavior (file://D:/LET RANK/Ranktsy/.next/dev/static/chunks/node_modules_next_dist_115brz8._.js:2477:13)
✓ Compiled in 111ms
✓ Compiled in 50ms
✓ Compiled in 57ms
✓ Compiled in 193ms
 GET / 200 in 730ms (next.js: 212ms, application-code: 517ms)
 GET /api/keywords?q=silver%20necklace 200 in 132ms (next.js: 100ms, application-code: 32ms)
 GET /api/keywords?q=silver%20necklace 200 in 714ms (next.js: 4ms, application-code: 710ms)
 GET /api/trends?q=silver%20necklace 200 in 3.1s (next.js: 58ms, application-code: 3.1s)
 GET / 200 in 86ms (next.js: 7ms, application-code: 79ms)
 GET /api/keywords?q=silver%20necklace 200 in 25ms (next.js: 5ms, application-code: 20ms)
 GET /api/keywords?q=silver%20necklace 200 in 11ms (next.js: 3ms, application-code: 8ms)
 GET /api/trends?q=silver%20necklace 200 in 22ms (next.js: 16ms, application-code: 6ms)
 GET /methodology 200 in 782ms (next.js: 645ms, application-code: 137ms)
 GET /api/auth/me 401 in 72ms (next.js: 58ms, application-code: 14ms)
 GET / 200 in 91ms (next.js: 9ms, application-code: 82ms)
 GET /api/keywords?q=silver%20necklace 200 in 23ms (next.js: 6ms, application-code: 17ms)
 GET /api/keywords?q=silver%20necklace 200 in 14ms (next.js: 5ms, application-code: 9ms)
 GET /api/trends?q=silver%20necklace 200 in 24ms (next.js: 16ms, application-code: 8ms)
 GET /methodology 200 in 63ms (next.js: 7ms, application-code: 57ms)
 GET /api/auth/me 200 in 83ms (next.js: 5ms, application-code: 78ms)
 GET / 200 in 25ms (next.js: 5ms, application-code: 20ms)
[browser] Detected `scroll-behavior: smooth` on the `<html>` element. To disable smooth scrolling during route transitions, add `data-scroll-behavior="smooth"` to your <html> element. Learn more: https://nextjs.org/docs/messages/missing-data-scroll-behavior (file://D:/LET RANK/Ranktsy/.next/dev/static/chunks/node_modules_next_dist_115brz8._.js:2477:13)
 GET /api/keywords?q=silver%20necklace 200 in 17ms (next.js: 4ms, application-code: 14ms)
 GET /api/keywords?q=silver%20necklace 200 in 11ms (next.js: 3ms, application-code: 8ms)
 GET /api/trends?q=silver%20necklace 200 in 22ms (next.js: 15ms, application-code: 8ms)
✓ Compiled in 73ms
 GET / 200 in 265ms (next.js: 153ms, application-code: 112ms)
 GET /methodology 200 in 266ms (next.js: 221ms, application-code: 45ms)
 GET / 200 in 241ms (next.js: 5ms, application-code: 236ms)
 GET /api/keywords?q=silver%20necklace 200 in 79ms (next.js: 54ms, application-code: 25ms)
 GET /api/trends?q=silver%20necklace 200 in 116ms (next.js: 50ms, application-code: 66ms)
 GET /api/keywords?q=silver%20necklace 200 in 300ms (next.js: 4ms, application-code: 296ms)
 GET / 200 in 72ms (next.js: 4ms, application-code: 68ms)
 GET /api/keywords?q=silver%20necklace 200 in 18ms (next.js: 5ms, application-code: 13ms)
 GET /api/keywords?q=silver%20necklace 200 in 13ms (next.js: 4ms, application-code: 10ms)
 GET /api/trends?q=silver%20necklace 200 in 26ms (next.js: 18ms, application-code: 8ms)
 GET /dashboard 200 in 44ms (next.js: 18ms, proxy.ts: 4ms, application-code: 22ms)
 GET /api/etsy/trend-buzz?q= 200 in 2.5s (next.js: 42ms, application-code: 2.5s)
 GET / 200 in 34ms (next.js: 5ms, application-code: 29ms)
 GET /dashboard 200 in 32ms (next.js: 6ms, proxy.ts: 3ms, application-code: 23ms)
 GET / 200 in 41ms (next.js: 5ms, application-code: 36ms)
 GET / 200 in 88ms (next.js: 9ms, application-code: 79ms)
 GET /api/keywords?q=silver%20necklace 200 in 24ms (next.js: 6ms, application-code: 18ms)
 GET /api/keywords?q=silver%20necklace 200 in 16ms (next.js: 5ms, application-code: 11ms)
 GET /api/trends?q=silver%20necklace 200 in 27ms (next.js: 19ms, application-code: 7ms)
 GET /refund-policy 200 in 597ms (next.js: 489ms, application-code: 108ms)
 GET /api/auth/me 200 in 68ms (next.js: 53ms, application-code: 15ms)
 GET / 200 in 24ms (next.js: 4ms, application-code: 20ms)
[browser] Detected `scroll-behavior: smooth` on the `<html>` element. To disable smooth scrolling during route transitions, add `data-scroll-behavior="smooth"` to your <html> element. Learn more: https://nextjs.org/docs/messages/missing-data-scroll-behavior (file://D:/LET RANK/Ranktsy/.next/dev/static/chunks/node_modules_next_dist_115brz8._.js:2477:13)
 GET /api/keywords?q=silver%20necklace 200 in 15ms (next.js: 4ms, application-code: 11ms)
 GET /api/trends?q=silver%20necklace 200 in 24ms (next.js: 17ms, application-code: 6ms)
 GET / 200 in 118ms (next.js: 14ms, application-code: 103ms)
 GET /api/trends?q=silver%20necklace 200 in 38ms (next.js: 32ms, application-code: 7ms)
 GET /api/keywords?q=silver%20necklace 200 in 40ms (next.js: 5ms, application-code: 34ms)
(node:3300) [MONGOOSE] Warning: mongoose: the `new` option for `findOneAndUpdate()` and `findOneAndReplace()` is deprecated. Use `returnDocument: 'after'` instead.
(node:3300) [MONGOOSE] Warning: mongoose: the `new` option for `findOneAndUpdate()` and `findOneAndReplace()` is deprecated. Use `returnDocument: 'after'` instead.
 GET /api/trends?q=silver%20necklace 200 in 1090ms (next.js: 12ms, application-code: 1078ms)
 GET /api/keywords?q=silver%20necklace 200 in 1092ms (next.js: 3ms, application-code: 1089ms)
